{
  "name": "grunt-release-process",
  "version": "0.0.42"
}
